Fetching 5 files:   0%|          | 0/5 [00:00<?, ?it/s]Fetching 5 files:   0%|          | 0/5 [00:00<?, ?it/s]
C:\Users\uzair\AppData\Local\Programs\Python\Python313\Lib\site-packages\huggingface_hub\file_download.py:140: UserWarning: `huggingface_hub` cache-system uses symlinks by default to efficiently store duplicated files but your machine does not support them in C:\Users\uzair\Documents\audience-intel\backend\models\hf_cache\models--google--muril-base-cased. Caching files will still work but in a degraded version that might require more space on your disk. This warning can be disabled by setting the `HF_HUB_DISABLE_SYMLINKS_WARNING` environment variable. For more details, see https://huggingface.co/docs/huggingface_hub/how-to-cache#limitations.
To support symlinks on Windows, you either need to activate Developer Mode or to run Python as an administrator. In order to activate developer mode, see this article: https://docs.microsoft.com/en-us/windows/apps/get-started/enable-your-device-for-development
  warnings.warn(message)
Traceback (most recent call last):
  File "<string>", line 4, in <module>
    p=snapshot_download('google/muril-base-cased', cache_dir=r'backend/models/hf_cache', allow_patterns=['*.json','*.txt','pytorch_model.bin','*.safetensors','vocab*'])
  File "C:\Users\uzair\AppData\Local\Programs\Python\Python313\Lib\site-packages\huggingface_hub\utils\_validators.py", line 114, in _inner_fn
    return fn(*args, **kwargs)
  File "C:\Users\uzair\AppData\Local\Programs\Python\Python313\Lib\site-packages\huggingface_hub\_snapshot_download.py", line 296, in snapshot_download
    thread_map(
    ~~~~~~~~~~^
        _inner_hf_hub_download,
        ^^^^^^^^^^^^^^^^^^^^^^^
    ...<4 lines>...
        tqdm_class=tqdm_class or hf_tqdm,
        ^^^^^^^^^^^^^^^^^^^^^^^^^^^^^^^^^
    )
    ^
  File "C:\Users\uzair\AppData\Local\Programs\Python\Python313\Lib\site-packages\tqdm\contrib\concurrent.py", line 69, in thread_map
    return _executor_map(ThreadPoolExecutor, fn, *iterables, **tqdm_kwargs)
  File "C:\Users\uzair\AppData\Local\Programs\Python\Python313\Lib\site-packages\tqdm\contrib\concurrent.py", line 51, in _executor_map
    return list(tqdm_class(ex.map(fn, *iterables, chunksize=chunksize), **kwargs))
  File "C:\Users\uzair\AppData\Local\Programs\Python\Python313\Lib\site-packages\tqdm\std.py", line 1181, in __iter__
    for obj in iterable:
               ^^^^^^^^
  File "C:\Users\uzair\AppData\Local\Programs\Python\Python313\Lib\concurrent\futures\_base.py", line 619, in result_iterator
    yield _result_or_cancel(fs.pop())
          ~~~~~~~~~~~~~~~~~^^^^^^^^^^
  File "C:\Users\uzair\AppData\Local\Programs\Python\Python313\Lib\concurrent\futures\_base.py", line 317, in _result_or_cancel
    return fut.result(timeout)
           ~~~~~~~~~~^^^^^^^^^
  File "C:\Users\uzair\AppData\Local\Programs\Python\Python313\Lib\concurrent\futures\_base.py", line 456, in result
    return self.__get_result()
           ~~~~~~~~~~~~~~~~~^^
  File "C:\Users\uzair\AppData\Local\Programs\Python\Python313\Lib\concurrent\futures\_base.py", line 401, in __get_result
    raise self._exception
  File "C:\Users\uzair\AppData\Local\Programs\Python\Python313\Lib\concurrent\futures\thread.py", line 59, in run
    result = self.fn(*self.args, **self.kwargs)
  File "C:\Users\uzair\AppData\Local\Programs\Python\Python313\Lib\site-packages\huggingface_hub\_snapshot_download.py", line 270, in _inner_hf_hub_download
    return hf_hub_download(
        repo_id,
    ...<15 lines>...
        headers=headers,
    )
  File "C:\Users\uzair\AppData\Local\Programs\Python\Python313\Lib\site-packages\huggingface_hub\utils\_validators.py", line 114, in _inner_fn
    return fn(*args, **kwargs)
  File "C:\Users\uzair\AppData\Local\Programs\Python\Python313\Lib\site-packages\huggingface_hub\file_download.py", line 860, in hf_hub_download
    return _hf_hub_download_to_cache_dir(
        # Destination
    ...<14 lines>...
        force_download=force_download,
    )
  File "C:\Users\uzair\AppData\Local\Programs\Python\Python313\Lib\site-packages\huggingface_hub\file_download.py", line 1020, in _hf_hub_download_to_cache_dir
    _create_symlink(blob_path, pointer_path, new_blob=True)
    ~~~~~~~~~~~~~~~^^^^^^^^^^^^^^^^^^^^^^^^^^^^^^^^^^^^^^^^
  File "C:\Users\uzair\AppData\Local\Programs\Python\Python313\Lib\site-packages\huggingface_hub\file_download.py", line 584, in _create_symlink
    os.symlink(src_rel_or_abs, abs_dst)
    ~~~~~~~~~~^^^^^^^^^^^^^^^^^^^^^^^^^
OSError: [WinError 1314] A required privilege is not held by the client: '..\\..\\blobs\\e059df2aaf7b1546fe53057c8bfc886bcec4fd77' -> 'C:\\Users\\uzair\\Documents\\audience-intel\\backend\\models\\hf_cache\\models--google--muril-base-cased\\snapshots\\afd9f36c7923d54e97903922ff1b260d091d202f\\config.json'
